#-----------------------------------------------------------
# Vivado v2018.2 (64-bit)
# SW Build 2258646 on Thu Jun 14 20:03:12 MDT 2018
# IP Build 2256618 on Thu Jun 14 22:10:49 MDT 2018
# Start of session at: Tue Apr 23 22:52:21 2019
# Process ID: 15260
# Current directory: C:/Users/q1109/Documents/VivadoProject/MIPS32
# Command line: vivado.exe -gui_launcher_event rodinguilauncherevent4616 C:\Users\q1109\Documents\VivadoProject\MIPS32\MIPS32.xpr
# Log file: C:/Users/q1109/Documents/VivadoProject/MIPS32/vivado.log
# Journal file: C:/Users/q1109/Documents/VivadoProject/MIPS32\vivado.jou
#-----------------------------------------------------------
start_gui
open_project C:/Users/q1109/Documents/VivadoProject/MIPS32/MIPS32.xpr
update_compile_order -fileset sources_1
launch_simulation
source TestBench_Pipeline.tcl
add_bp {C:/Users/q1109/Documents/VivadoProject/MIPS32/MIPS32.srcs/sources_1/new/ROM.v} 37
remove_bps -file {C:/Users/q1109/Documents/VivadoProject/MIPS32/MIPS32.srcs/sources_1/new/ROM.v} -line 37
add_bp {C:/Users/q1109/Documents/VivadoProject/MIPS32/MIPS32.srcs/sources_1/new/ROM.v} 37
restart
run all
step
relaunch_sim
relaunch_sim
run all
close_sim
